INFO 2023-05-05 12:19:57 (1) 	 /Users/franciscoerrandonea/Code/snippets/logging/otraprueba.py F<module> L28 - HOLA
